[INFO] Scanning for projects...
[INFO]
[INFO] -----------------------< com.example:bloukemon >------------------------
[INFO] Building bloukemon 0.0.1-SNAPSHOT
[INFO]   from pom.xml
[INFO] --------------------------------[ jar ]---------------------------------
[INFO]
[INFO] >>> spring-boot:3.5.6:run (default-cli) > test-compile @ bloukemon >>>
[INFO]
[INFO] --- resources:3.3.1:resources (default-resources) @ bloukemon ---
[INFO] Copying 1 resource from src/main/resources to target/classes
[INFO] Copying 2 resources from src/main/resources to target/classes
[INFO]
[INFO] --- compiler:3.14.0:compile (default-compile) @ bloukemon ---
[INFO] Recompiling the module because of changed source code.
[INFO] Compiling 15 source files with javac [debug parameters release 17] to target/classes
[INFO]
[INFO] --- resources:3.3.1:testResources (default-testResources) @ bloukemon ---
[INFO] skip non existing resourceDirectory /app/src/test/resources
[INFO]
[INFO] --- compiler:3.14.0:testCompile (default-testCompile) @ bloukemon ---
[INFO] Recompiling the module because of changed dependency.
[INFO] Compiling 1 source file with javac [debug parameters release 17] to target/test-classes
[INFO]
[INFO] <<< spring-boot:3.5.6:run (default-cli) < test-compile @ bloukemon <<<
[INFO]
[INFO]
[INFO] --- spring-boot:3.5.6:run (default-cli) @ bloukemon ---
[INFO] Attaching agents: []

  .   ____          _            __ _ _
 /\\ / ___'_ __ _ _(_)_ __  __ _ \ \ \ \
( ( )\___ | '_ | '_| | '_ \/ _` | \ \ \ \
 \\/  ___)| |_)| | | | | || (_| |  ) ) ) )
  '  |____| .__|_| |_|_| |_\__, | / / / /
 =========|_|==============|___/=/_/_/_/

 :: Spring Boot ::                (v3.5.6)

2025-10-14T19:52:54.811Z  INFO 20939 --- [bloukemon] [           main] c.e.bloukemon.BloukemonApplication       : Starting BloukemonApplication using Java 21.0.8 with PID 20939 (/app/target/classes started by jules in /app)
2025-10-14T19:52:54.814Z  INFO 20939 --- [bloukemon] [           main] c.e.bloukemon.BloukemonApplication       : No active profile set, falling back to 1 default profile: "default"
2025-10-14T19:52:55.532Z  INFO 20939 --- [bloukemon] [           main] .s.d.r.c.RepositoryConfigurationDelegate : Bootstrapping Spring Data JPA repositories in DEFAULT mode.
2025-10-14T19:52:55.612Z  INFO 20939 --- [bloukemon] [           main] .s.d.r.c.RepositoryConfigurationDelegate : Finished Spring Data repository scanning in 70 ms. Found 6 JPA repository interfaces.
2025-10-14T19:52:56.213Z  INFO 20939 --- [bloukemon] [           main] o.s.b.w.embedded.tomcat.TomcatWebServer  : Tomcat initialized with port 8080 (http)
2025-10-14T19:52:56.231Z  INFO 20939 --- [bloukemon] [           main] o.apache.catalina.core.StandardService   : Starting service [Tomcat]
2025-10-14T19:52:56.231Z  INFO 20939 --- [bloukemon] [           main] o.apache.catalina.core.StandardEngine    : Starting Servlet engine: [Apache Tomcat/10.1.46]
2025-10-14T19:52:56.284Z  INFO 20939 --- [bloukemon] [           main] o.a.c.c.C.[Tomcat].[localhost].[/]       : Initializing Spring embedded WebApplicationContext
2025-10-14T19:52:56.286Z  INFO 20939 --- [bloukemon] [           main] w.s.c.ServletWebServerApplicationContext : Root WebApplicationContext: initialization completed in 1425 ms
2025-10-14T19:52:56.445Z  INFO 20939 --- [bloukemon] [           main] com.zaxxer.hikari.HikariDataSource       : HikariPool-1 - Starting...
2025-10-14T19:52:56.670Z  INFO 20939 --- [bloukemon] [           main] com.zaxxer.hikari.pool.HikariPool        : HikariPool-1 - Added connection conn0: url=jdbc:h2:mem:641186ad-182c-4b8c-bcf8-d9cc7c6fa0d3 user=SA
2025-10-14T19:52:56.672Z  INFO 20939 --- [bloukemon] [           main] com.zaxxer.hikari.HikariDataSource       : HikariPool-1 - Start completed.
2025-10-14T19:52:56.720Z  INFO 20939 --- [bloukemon] [           main] o.hibernate.jpa.internal.util.LogHelper  : HHH000204: Processing PersistenceUnitInfo [name: default]
2025-10-14T19:52:56.771Z  INFO 20939 --- [bloukemon] [           main] org.hibernate.Version                    : HHH000412: Hibernate ORM core version 6.6.29.Final
2025-10-14T19:52:56.803Z  INFO 20939 --- [bloukemon] [           main] o.h.c.internal.RegionFactoryInitiator    : HHH000026: Second-level cache disabled
2025-10-14T19:52:57.128Z  INFO 20939 --- [bloukemon] [           main] o.s.o.j.p.SpringPersistenceUnitInfo      : No LoadTimeWeaver setup: ignoring JPA class transformer
2025-10-14T19:52:57.210Z  INFO 20939 --- [bloukemon] [           main] org.hibernate.orm.connections.pooling    : HHH10001005: Database info:
	Database JDBC URL [Connecting through datasource 'HikariDataSource (HikariPool-1)']
	Database driver: undefined/unknown
	Database version: 2.3.232
	Autocommit mode: undefined/unknown
	Isolation level: undefined/unknown
	Minimum pool size: undefined/unknown
	Maximum pool size: undefined/unknown
2025-10-14T19:52:58.241Z  INFO 20939 --- [bloukemon] [           main] o.h.e.t.j.p.i.JtaPlatformInitiator       : HHH000489: No JTA platform available (set 'hibernate.transaction.jta.platform' to enable JTA platform integration)
2025-10-14T19:52:58.303Z  INFO 20939 --- [bloukemon] [           main] j.LocalContainerEntityManagerFactoryBean : Initialized JPA EntityManagerFactory for persistence unit 'default'
2025-10-14T19:52:58.365Z  WARN 20939 --- [bloukemon] [           main] JpaBaseConfiguration$JpaWebConfiguration : spring.jpa.open-in-view is enabled by default. Therefore, database queries may be performed during view rendering. Explicitly configure spring.jpa.open-in-view to disable this warning
2025-10-14T19:52:58.404Z  INFO 20939 --- [bloukemon] [           main] o.s.b.a.w.s.WelcomePageHandlerMapping    : Adding welcome page template: index
2025-10-14T19:52:59.086Z  WARN 20939 --- [bloukemon] [           main] ConfigServletWebServerApplicationContext : Exception encountered during context initialization - cancelling refresh attempt: org.springframework.context.ApplicationContextException: Failed to start bean 'webServerStartStop'
2025-10-14T19:52:59.087Z  INFO 20939 --- [bloukemon] [           main] j.LocalContainerEntityManagerFactoryBean : Closing JPA EntityManagerFactory for persistence unit 'default'
2025-10-14T19:52:59.100Z  INFO 20939 --- [bloukemon] [           main] com.zaxxer.hikari.HikariDataSource       : HikariPool-1 - Shutdown initiated...
2025-10-14T19:52:59.104Z  INFO 20939 --- [bloukemon] [           main] com.zaxxer.hikari.HikariDataSource       : HikariPool-1 - Shutdown completed.
2025-10-14T19:52:59.119Z  INFO 20939 --- [bloukemon] [           main] .s.b.a.l.ConditionEvaluationReportLogger :

Error starting ApplicationContext. To display the condition evaluation report re-run your application with 'debug' enabled.
2025-10-14T19:52:59.138Z ERROR 20939 --- [bloukemon] [           main] o.s.b.d.LoggingFailureAnalysisReporter   :

***************************
APPLICATION FAILED TO START
***************************

Description:

Web server failed to start. Port 8080 was already in use.

Action:

Identify and stop the process that's listening on port 8080 or configure this application to listen on another port.

[INFO] ------------------------------------------------------------------------
[INFO] BUILD FAILURE
[INFO] ------------------------------------------------------------------------
[INFO] Total time:  8.141 s
[INFO] Finished at: 2025-10-14T19:52:59Z
[INFO] ------------------------------------------------------------------------
[ERROR] Failed to execute goal org.springframework.boot:spring-boot-maven-plugin:3.5.6:run (default-cli) on project bloukemon: Process terminated with exit code: 1 -> [Help 1]
[ERROR]
[ERROR] To see the full stack trace of the errors, re-run Maven with the -e switch.
[ERROR] Re-run Maven using the -X switch to enable full debug logging.
[ERROR]
[ERROR] For more information about the errors and possible solutions, please read the following articles:
[ERROR] [Help 1] http://cwiki.apache.org/confluence/display/MAVEN/MojoExecutionException
